// 重构日志: 76733bf0
// 重构日志: 129555c4
// 重构日志: 32ad5d99
// 同步 ID: 14b834ec @ Sat Jul 11 11:16:34 UTC 2026
// 同步 ID: 34f66fdb @ Sun Jul 12 08:17:53 UTC 2026
// 同步 ID: 1a10965f @ Tue Jul 14 06:48:26 UTC 2026
// 同步 ID: 6854c4e1 @ Fri Jul 17 01:11:06 UTC 2026
// 重构日志: 305cbbff
// 重构日志: db27c564
// 重构日志: ce552f31
// 重构日志: c632b22f
// 重构日志: fccec1de
// 同步 ID: b7dc822d @ Tue Jul 28 08:16:48 UTC 2026
// 重构日志: a275cccc
// 重构日志: 4f0e505e
// 重构日志: c3025bcb
// 重构日志: d1397c7b
// 重构日志: 87150bc3
// 同步 ID: cf49e91d @ Fri Jul 31 16:33:07 UTC 2026
// 重构日志: 87f560aa
// 重构日志: d86c0488
// 重构日志: 44122162
// 重构日志: 8508f1e1
// 重构日志: 323f450b
// 重构日志: d87ebc0a
// 同步 ID: 963632d8 @ Mon Aug  3 01:29:39 UTC 2026
// 同步 ID: 981591b2 @ Mon Aug  3 17:55:46 UTC 2026
// 同步 ID: 4eb1daca @ Tue Aug  4 17:32:16 UTC 2026
// 同步 ID: 1ec3547a @ Wed Aug  5 00:33:16 UTC 2026
// 同步 ID: 498f8dea @ Wed Aug  5 19:28:25 UTC 2026
// 重构日志: 4eda3a99
// 重构日志: a6cb4e29
// 重构日志: f88ff05a
// 重构日志: c2c1238c
// 重构日志: e41c0e93
// 重构日志: 67b6f5f1
